<?xml version="1.0" encoding="UTF-8"?>
<testsuites name="jest tests" tests="2" failures="0" errors="0" time="2.231">
  <testsuite name="mock socket" errors="0" failures="0" skipped="0" timestamp="2021-04-02T07:48:25" time="1.216" tests="2">
    <testcase classname="mock socket test socket mock 1" name="mock socket test socket mock 1" time="0.139">
    </testcase>
    <testcase classname="mock socket test socket mock 2" name="mock socket test socket mock 2" time="0.105">
    </testcase>
  </testsuite>
</testsuites>